CRITICAL - 2026-04-23 16:19:43 --> ErrorException: Undefined array key "facebook_link"
[Method: GET, Route: about]
in APPPATH\Views\about.php on line 162.
 1 APPPATH\Views\about.php(162): CodeIgniter\Debug\Exceptions->errorHandler(2, 'Undefined array key "facebook_link"', 'C:\\laragon\\www\\portfolio\\app\\Views\\about.php', 162)
 2 SYSTEMPATH\View\View.php(238): include('C:\\laragon\\www\\portfolio\\app\\Views\\about.php')
 3 SYSTEMPATH\View\View.php(241): CodeIgniter\View\View->CodeIgniter\View\{closure}()
 4 SYSTEMPATH\Common.php(1250): CodeIgniter\View\View->render('about', [...], true)
 5 APPPATH\Controllers\About.php(19): view('about', [...], [...])
 6 SYSTEMPATH\CodeIgniter.php(951): App\Controllers\About->index()
 7 SYSTEMPATH\CodeIgniter.php(497): CodeIgniter\CodeIgniter->runController(Object(App\Controllers\About))
 8 SYSTEMPATH\CodeIgniter.php(340): CodeIgniter\CodeIgniter->handleRequest(null, Object(Config\Cache), false)
 9 SYSTEMPATH\Boot.php(417): CodeIgniter\CodeIgniter->run()
10 SYSTEMPATH\Boot.php(68): CodeIgniter\Boot::runCodeIgniter(Object(CodeIgniter\CodeIgniter))
11 FCPATH\index.php(59): CodeIgniter\Boot::bootWeb(Object(Config\Paths))
CRITICAL - 2026-04-23 16:20:37 --> ErrorException: Undefined array key "facebook_link"
[Method: GET, Route: about]
in APPPATH\Views\about.php on line 162.
 1 APPPATH\Views\about.php(162): CodeIgniter\Debug\Exceptions->errorHandler(2, 'Undefined array key "facebook_link"', 'C:\\laragon\\www\\portfolio\\app\\Views\\about.php', 162)
 2 SYSTEMPATH\View\View.php(238): include('C:\\laragon\\www\\portfolio\\app\\Views\\about.php')
 3 SYSTEMPATH\View\View.php(241): CodeIgniter\View\View->CodeIgniter\View\{closure}()
 4 SYSTEMPATH\Common.php(1250): CodeIgniter\View\View->render('about', [...], true)
 5 APPPATH\Controllers\About.php(19): view('about', [...], [...])
 6 SYSTEMPATH\CodeIgniter.php(951): App\Controllers\About->index()
 7 SYSTEMPATH\CodeIgniter.php(497): CodeIgniter\CodeIgniter->runController(Object(App\Controllers\About))
 8 SYSTEMPATH\CodeIgniter.php(340): CodeIgniter\CodeIgniter->handleRequest(null, Object(Config\Cache), false)
 9 SYSTEMPATH\Boot.php(417): CodeIgniter\CodeIgniter->run()
10 SYSTEMPATH\Boot.php(68): CodeIgniter\Boot::runCodeIgniter(Object(CodeIgniter\CodeIgniter))
11 FCPATH\index.php(59): CodeIgniter\Boot::bootWeb(Object(Config\Paths))
CRITICAL - 2026-04-23 16:21:14 --> ErrorException: Undefined array key "facebook_link"
[Method: GET, Route: about]
in APPPATH\Views\about.php on line 162.
 1 APPPATH\Views\about.php(162): CodeIgniter\Debug\Exceptions->errorHandler(2, 'Undefined array key "facebook_link"', 'C:\\laragon\\www\\portfolio\\app\\Views\\about.php', 162)
 2 SYSTEMPATH\View\View.php(238): include('C:\\laragon\\www\\portfolio\\app\\Views\\about.php')
 3 SYSTEMPATH\View\View.php(241): CodeIgniter\View\View->CodeIgniter\View\{closure}()
 4 SYSTEMPATH\Common.php(1250): CodeIgniter\View\View->render('about', [...], true)
 5 APPPATH\Controllers\About.php(19): view('about', [...], [...])
 6 SYSTEMPATH\CodeIgniter.php(951): App\Controllers\About->index()
 7 SYSTEMPATH\CodeIgniter.php(497): CodeIgniter\CodeIgniter->runController(Object(App\Controllers\About))
 8 SYSTEMPATH\CodeIgniter.php(340): CodeIgniter\CodeIgniter->handleRequest(null, Object(Config\Cache), false)
 9 SYSTEMPATH\Boot.php(417): CodeIgniter\CodeIgniter->run()
10 SYSTEMPATH\Boot.php(68): CodeIgniter\Boot::runCodeIgniter(Object(CodeIgniter\CodeIgniter))
11 FCPATH\index.php(59): CodeIgniter\Boot::bootWeb(Object(Config\Paths))
ERROR - 2026-04-23 16:22:50 --> Unknown column 'facebook_link' in 'field list'
in SYSTEMPATH\Database\MySQLi\Connection.php on line 300.
 1 SYSTEMPATH\Database\MySQLi\Connection.php(300): mysqli->query('UPDATE `landing` SET `heading` = \'Hey, I\\\'m Yen!\', `subheading` = \'Designer & Developer\', `about_text` = \'I’m a passionate developer focused on building modern web and mobile applications. I enjoy creating user-friendly designs and turning ideas into functional, real-world solutions.\', `address` = \'San Jose, Ibajay, Aklan\', `expertise` = \'[\\"PHP\\"]\', `email` = \'https://mail.google.com/mail/u/0/#inbox\', `phone_number` = \'09518570120\', `facebook` = \'Andrea Nicole Gregorio\', `github_username` = \'yeeen\', `sktitle` = \'HTML, CSS, JavaScript, Tailwind\', `skdesc` = \'Focused on building responsive and visually engaging user interfaces. Experienced in creating clean layouts and modern designs that enhance user experience across web and mobile platforms.\', `sktitletwo` = \'Android, UI/UX Design\', `skdesctwo` = \'Skilled in developing interactive mobile applications that deliver seamless user experiences. Passionate about designing intuitive interfaces that showcase content like tourism, culture, and local attractions.\', `sktitlethree` = \'PHP, MySQL\', `skdescthree` = \'Capable of developing complete web applications from front-end to back-end. Experienced in building dynamic systems such as job platforms and e-commerce websites with efficient database management.\', `facebook_link` = \'\', `github_link` = \'\', `email_link` = \'\', `profile_image` = \'1776236197_23c0b75d51c9cf47ef39.jpg\', `feature_1` = \'1773669142_4c36406a69b5d9e3f204.jpg\', `feature_2` = \'1773669142_108e28a1f69d275e2e1c.jpg\', `feature_3` = \'1773669142_b3f86bd6cf03e69700be.webp\'
WHERE `landing`.`id` IN (\'1\')', 0)
 2 SYSTEMPATH\Database\BaseConnection.php(769): CodeIgniter\Database\MySQLi\Connection->execute('UPDATE `landing` SET `heading` = \'Hey, I\\\'m Yen!\', `subheading` = \'Designer & Developer\', `about_text` = \'I’m a passionate developer focused on building modern web and mobile applications. I enjoy creating user-friendly designs and turning ideas into functional, real-world solutions.\', `address` = \'San Jose, Ibajay, Aklan\', `expertise` = \'[\\"PHP\\"]\', `email` = \'https://mail.google.com/mail/u/0/#inbox\', `phone_number` = \'09518570120\', `facebook` = \'Andrea Nicole Gregorio\', `github_username` = \'yeeen\', `sktitle` = \'HTML, CSS, JavaScript, Tailwind\', `skdesc` = \'Focused on building responsive and visually engaging user interfaces. Experienced in creating clean layouts and modern designs that enhance user experience across web and mobile platforms.\', `sktitletwo` = \'Android, UI/UX Design\', `skdesctwo` = \'Skilled in developing interactive mobile applications that deliver seamless user experiences. Passionate about designing intuitive interfaces that showcase content like tourism, culture, and local attractions.\', `sktitlethree` = \'PHP, MySQL\', `skdescthree` = \'Capable of developing complete web applications from front-end to back-end. Experienced in building dynamic systems such as job platforms and e-commerce websites with efficient database management.\', `facebook_link` = \'\', `github_link` = \'\', `email_link` = \'\', `profile_image` = \'1776236197_23c0b75d51c9cf47ef39.jpg\', `feature_1` = \'1773669142_4c36406a69b5d9e3f204.jpg\', `feature_2` = \'1773669142_108e28a1f69d275e2e1c.jpg\', `feature_3` = \'1773669142_b3f86bd6cf03e69700be.webp\'
WHERE `landing`.`id` IN (\'1\')')
 3 SYSTEMPATH\Database\BaseConnection.php(686): CodeIgniter\Database\BaseConnection->simpleQuery('UPDATE `landing` SET `heading` = \'Hey, I\\\'m Yen!\', `subheading` = \'Designer & Developer\', `about_text` = \'I’m a passionate developer focused on building modern web and mobile applications. I enjoy creating user-friendly designs and turning ideas into functional, real-world solutions.\', `address` = \'San Jose, Ibajay, Aklan\', `expertise` = \'[\\"PHP\\"]\', `email` = \'https://mail.google.com/mail/u/0/#inbox\', `phone_number` = \'09518570120\', `facebook` = \'Andrea Nicole Gregorio\', `github_username` = \'yeeen\', `sktitle` = \'HTML, CSS, JavaScript, Tailwind\', `skdesc` = \'Focused on building responsive and visually engaging user interfaces. Experienced in creating clean layouts and modern designs that enhance user experience across web and mobile platforms.\', `sktitletwo` = \'Android, UI/UX Design\', `skdesctwo` = \'Skilled in developing interactive mobile applications that deliver seamless user experiences. Passionate about designing intuitive interfaces that showcase content like tourism, culture, and local attractions.\', `sktitlethree` = \'PHP, MySQL\', `skdescthree` = \'Capable of developing complete web applications from front-end to back-end. Experienced in building dynamic systems such as job platforms and e-commerce websites with efficient database management.\', `facebook_link` = \'\', `github_link` = \'\', `email_link` = \'\', `profile_image` = \'1776236197_23c0b75d51c9cf47ef39.jpg\', `feature_1` = \'1773669142_4c36406a69b5d9e3f204.jpg\', `feature_2` = \'1773669142_108e28a1f69d275e2e1c.jpg\', `feature_3` = \'1773669142_b3f86bd6cf03e69700be.webp\'
WHERE `landing`.`id` IN (\'1\')')
 4 SYSTEMPATH\Database\BaseBuilder.php(2521): CodeIgniter\Database\BaseConnection->query('UPDATE `landing` SET `heading` = :heading:, `subheading` = :subheading:, `about_text` = :about_text:, `address` = :address:, `expertise` = :expertise:, `email` = :email:, `phone_number` = :phone_number:, `facebook` = :facebook:, `github_username` = :github_username:, `sktitle` = :sktitle:, `skdesc` = :skdesc:, `sktitletwo` = :sktitletwo:, `skdesctwo` = :skdesctwo:, `sktitlethree` = :sktitlethree:, `skdescthree` = :skdescthree:, `facebook_link` = :facebook_link:, `github_link` = :github_link:, `email_link` = :email_link:, `profile_image` = :profile_image:, `feature_1` = :feature_1:, `feature_2` = :feature_2:, `feature_3` = :feature_3:
WHERE `landing`.`id` IN :landing.id:', [...], false)
 5 SYSTEMPATH\Model.php(407): CodeIgniter\Database\BaseBuilder->update()
 6 SYSTEMPATH\BaseModel.php(1073): CodeIgniter\Model->doUpdate([...], [...])
 7 SYSTEMPATH\Model.php(706): CodeIgniter\BaseModel->update([...], [...])
 8 APPPATH\Controllers\Landing.php(73): CodeIgniter\Model->update('1', [...])
 9 SYSTEMPATH\CodeIgniter.php(951): App\Controllers\Landing->update()
10 SYSTEMPATH\CodeIgniter.php(497): CodeIgniter\CodeIgniter->runController(Object(App\Controllers\Landing))
11 SYSTEMPATH\CodeIgniter.php(340): CodeIgniter\CodeIgniter->handleRequest(null, Object(Config\Cache), false)
12 SYSTEMPATH\Boot.php(417): CodeIgniter\CodeIgniter->run()
13 SYSTEMPATH\Boot.php(68): CodeIgniter\Boot::runCodeIgniter(Object(CodeIgniter\CodeIgniter))
14 FCPATH\index.php(59): CodeIgniter\Boot::bootWeb(Object(Config\Paths))
ERROR - 2026-04-23 16:24:00 --> Unknown column 'facebook_link' in 'field list'
in SYSTEMPATH\Database\MySQLi\Connection.php on line 300.
 1 SYSTEMPATH\Database\MySQLi\Connection.php(300): mysqli->query('UPDATE `landing` SET `heading` = \'Hey, I\\\'m Yen!\', `subheading` = \'Designer & Developer\', `about_text` = \'I’m a passionate developer focused on building modern web and mobile applications. I enjoy creating user-friendly designs and turning ideas into functional, real-world solutions.\', `address` = \'San Jose, Ibajay, Aklan\', `expertise` = \'[\\"PHP\\"]\', `email` = \'https://mail.google.com/mail/u/0/#inbox\', `phone_number` = \'09518570120\', `facebook` = \'Andrea Nicole Gregorio\', `github_username` = \'yeeen\', `sktitle` = \'HTML, CSS, JavaScript, Tailwind\', `skdesc` = \'Focused on building responsive and visually engaging user interfaces. Experienced in creating clean layouts and modern designs that enhance user experience across web and mobile platforms.\', `sktitletwo` = \'Android, UI/UX Design\', `skdesctwo` = \'Skilled in developing interactive mobile applications that deliver seamless user experiences. Passionate about designing intuitive interfaces that showcase content like tourism, culture, and local attractions.\', `sktitlethree` = \'PHP, MySQL\', `skdescthree` = \'Capable of developing complete web applications from front-end to back-end. Experienced in building dynamic systems such as job platforms and e-commerce websites with efficient database management.\', `facebook_link` = \'\', `github_link` = \'\', `email_link` = \'\', `profile_image` = \'1776236197_23c0b75d51c9cf47ef39.jpg\', `feature_1` = \'1773669142_4c36406a69b5d9e3f204.jpg\', `feature_2` = \'1773669142_108e28a1f69d275e2e1c.jpg\', `feature_3` = \'1773669142_b3f86bd6cf03e69700be.webp\'
WHERE `landing`.`id` IN (\'1\')', 0)
 2 SYSTEMPATH\Database\BaseConnection.php(769): CodeIgniter\Database\MySQLi\Connection->execute('UPDATE `landing` SET `heading` = \'Hey, I\\\'m Yen!\', `subheading` = \'Designer & Developer\', `about_text` = \'I’m a passionate developer focused on building modern web and mobile applications. I enjoy creating user-friendly designs and turning ideas into functional, real-world solutions.\', `address` = \'San Jose, Ibajay, Aklan\', `expertise` = \'[\\"PHP\\"]\', `email` = \'https://mail.google.com/mail/u/0/#inbox\', `phone_number` = \'09518570120\', `facebook` = \'Andrea Nicole Gregorio\', `github_username` = \'yeeen\', `sktitle` = \'HTML, CSS, JavaScript, Tailwind\', `skdesc` = \'Focused on building responsive and visually engaging user interfaces. Experienced in creating clean layouts and modern designs that enhance user experience across web and mobile platforms.\', `sktitletwo` = \'Android, UI/UX Design\', `skdesctwo` = \'Skilled in developing interactive mobile applications that deliver seamless user experiences. Passionate about designing intuitive interfaces that showcase content like tourism, culture, and local attractions.\', `sktitlethree` = \'PHP, MySQL\', `skdescthree` = \'Capable of developing complete web applications from front-end to back-end. Experienced in building dynamic systems such as job platforms and e-commerce websites with efficient database management.\', `facebook_link` = \'\', `github_link` = \'\', `email_link` = \'\', `profile_image` = \'1776236197_23c0b75d51c9cf47ef39.jpg\', `feature_1` = \'1773669142_4c36406a69b5d9e3f204.jpg\', `feature_2` = \'1773669142_108e28a1f69d275e2e1c.jpg\', `feature_3` = \'1773669142_b3f86bd6cf03e69700be.webp\'
WHERE `landing`.`id` IN (\'1\')')
 3 SYSTEMPATH\Database\BaseConnection.php(686): CodeIgniter\Database\BaseConnection->simpleQuery('UPDATE `landing` SET `heading` = \'Hey, I\\\'m Yen!\', `subheading` = \'Designer & Developer\', `about_text` = \'I’m a passionate developer focused on building modern web and mobile applications. I enjoy creating user-friendly designs and turning ideas into functional, real-world solutions.\', `address` = \'San Jose, Ibajay, Aklan\', `expertise` = \'[\\"PHP\\"]\', `email` = \'https://mail.google.com/mail/u/0/#inbox\', `phone_number` = \'09518570120\', `facebook` = \'Andrea Nicole Gregorio\', `github_username` = \'yeeen\', `sktitle` = \'HTML, CSS, JavaScript, Tailwind\', `skdesc` = \'Focused on building responsive and visually engaging user interfaces. Experienced in creating clean layouts and modern designs that enhance user experience across web and mobile platforms.\', `sktitletwo` = \'Android, UI/UX Design\', `skdesctwo` = \'Skilled in developing interactive mobile applications that deliver seamless user experiences. Passionate about designing intuitive interfaces that showcase content like tourism, culture, and local attractions.\', `sktitlethree` = \'PHP, MySQL\', `skdescthree` = \'Capable of developing complete web applications from front-end to back-end. Experienced in building dynamic systems such as job platforms and e-commerce websites with efficient database management.\', `facebook_link` = \'\', `github_link` = \'\', `email_link` = \'\', `profile_image` = \'1776236197_23c0b75d51c9cf47ef39.jpg\', `feature_1` = \'1773669142_4c36406a69b5d9e3f204.jpg\', `feature_2` = \'1773669142_108e28a1f69d275e2e1c.jpg\', `feature_3` = \'1773669142_b3f86bd6cf03e69700be.webp\'
WHERE `landing`.`id` IN (\'1\')')
 4 SYSTEMPATH\Database\BaseBuilder.php(2521): CodeIgniter\Database\BaseConnection->query('UPDATE `landing` SET `heading` = :heading:, `subheading` = :subheading:, `about_text` = :about_text:, `address` = :address:, `expertise` = :expertise:, `email` = :email:, `phone_number` = :phone_number:, `facebook` = :facebook:, `github_username` = :github_username:, `sktitle` = :sktitle:, `skdesc` = :skdesc:, `sktitletwo` = :sktitletwo:, `skdesctwo` = :skdesctwo:, `sktitlethree` = :sktitlethree:, `skdescthree` = :skdescthree:, `facebook_link` = :facebook_link:, `github_link` = :github_link:, `email_link` = :email_link:, `profile_image` = :profile_image:, `feature_1` = :feature_1:, `feature_2` = :feature_2:, `feature_3` = :feature_3:
WHERE `landing`.`id` IN :landing.id:', [...], false)
 5 SYSTEMPATH\Model.php(407): CodeIgniter\Database\BaseBuilder->update()
 6 SYSTEMPATH\BaseModel.php(1073): CodeIgniter\Model->doUpdate([...], [...])
 7 SYSTEMPATH\Model.php(706): CodeIgniter\BaseModel->update([...], [...])
 8 APPPATH\Controllers\Landing.php(73): CodeIgniter\Model->update('1', [...])
 9 SYSTEMPATH\CodeIgniter.php(951): App\Controllers\Landing->update()
10 SYSTEMPATH\CodeIgniter.php(497): CodeIgniter\CodeIgniter->runController(Object(App\Controllers\Landing))
11 SYSTEMPATH\CodeIgniter.php(340): CodeIgniter\CodeIgniter->handleRequest(null, Object(Config\Cache), false)
12 SYSTEMPATH\Boot.php(417): CodeIgniter\CodeIgniter->run()
13 SYSTEMPATH\Boot.php(68): CodeIgniter\Boot::runCodeIgniter(Object(CodeIgniter\CodeIgniter))
14 FCPATH\index.php(59): CodeIgniter\Boot::bootWeb(Object(Config\Paths))
ERROR - 2026-04-23 16:24:45 --> Unknown column 'facebook_link' in 'field list'
in SYSTEMPATH\Database\MySQLi\Connection.php on line 300.
 1 SYSTEMPATH\Database\MySQLi\Connection.php(300): mysqli->query('UPDATE `landing` SET `heading` = \'Hey, I\\\'m Yen!\', `subheading` = \'Designer & Developer\', `about_text` = \'I’m a passionate developer focused on building modern web and mobile applications. I enjoy creating user-friendly designs and turning ideas into functional, real-world solutions.\', `address` = \'San Jose, Ibajay, Aklan\', `expertise` = \'[\\"PHP\\"]\', `email` = \'https://mail.google.com/mail/u/0/#inbox\', `phone_number` = \'09518570120\', `facebook` = \'https://www.facebook.com/andrea.gregorio.3760/\', `github_username` = \'yeeen\', `sktitle` = \'HTML, CSS, JavaScript, Tailwind\', `skdesc` = \'Focused on building responsive and visually engaging user interfaces. Experienced in creating clean layouts and modern designs that enhance user experience across web and mobile platforms.\', `sktitletwo` = \'Android, UI/UX Design\', `skdesctwo` = \'Skilled in developing interactive mobile applications that deliver seamless user experiences. Passionate about designing intuitive interfaces that showcase content like tourism, culture, and local attractions.\', `sktitlethree` = \'PHP, MySQL\', `skdescthree` = \'Capable of developing complete web applications from front-end to back-end. Experienced in building dynamic systems such as job platforms and e-commerce websites with efficient database management.\', `facebook_link` = \'https://www.facebook.com/andrea.gregorio.3760/\', `github_link` = \'\', `email_link` = \'\', `profile_image` = \'1776236197_23c0b75d51c9cf47ef39.jpg\', `feature_1` = \'1773669142_4c36406a69b5d9e3f204.jpg\', `feature_2` = \'1773669142_108e28a1f69d275e2e1c.jpg\', `feature_3` = \'1773669142_b3f86bd6cf03e69700be.webp\'
WHERE `landing`.`id` IN (\'1\')', 0)
 2 SYSTEMPATH\Database\BaseConnection.php(769): CodeIgniter\Database\MySQLi\Connection->execute('UPDATE `landing` SET `heading` = \'Hey, I\\\'m Yen!\', `subheading` = \'Designer & Developer\', `about_text` = \'I’m a passionate developer focused on building modern web and mobile applications. I enjoy creating user-friendly designs and turning ideas into functional, real-world solutions.\', `address` = \'San Jose, Ibajay, Aklan\', `expertise` = \'[\\"PHP\\"]\', `email` = \'https://mail.google.com/mail/u/0/#inbox\', `phone_number` = \'09518570120\', `facebook` = \'https://www.facebook.com/andrea.gregorio.3760/\', `github_username` = \'yeeen\', `sktitle` = \'HTML, CSS, JavaScript, Tailwind\', `skdesc` = \'Focused on building responsive and visually engaging user interfaces. Experienced in creating clean layouts and modern designs that enhance user experience across web and mobile platforms.\', `sktitletwo` = \'Android, UI/UX Design\', `skdesctwo` = \'Skilled in developing interactive mobile applications that deliver seamless user experiences. Passionate about designing intuitive interfaces that showcase content like tourism, culture, and local attractions.\', `sktitlethree` = \'PHP, MySQL\', `skdescthree` = \'Capable of developing complete web applications from front-end to back-end. Experienced in building dynamic systems such as job platforms and e-commerce websites with efficient database management.\', `facebook_link` = \'https://www.facebook.com/andrea.gregorio.3760/\', `github_link` = \'\', `email_link` = \'\', `profile_image` = \'1776236197_23c0b75d51c9cf47ef39.jpg\', `feature_1` = \'1773669142_4c36406a69b5d9e3f204.jpg\', `feature_2` = \'1773669142_108e28a1f69d275e2e1c.jpg\', `feature_3` = \'1773669142_b3f86bd6cf03e69700be.webp\'
WHERE `landing`.`id` IN (\'1\')')
 3 SYSTEMPATH\Database\BaseConnection.php(686): CodeIgniter\Database\BaseConnection->simpleQuery('UPDATE `landing` SET `heading` = \'Hey, I\\\'m Yen!\', `subheading` = \'Designer & Developer\', `about_text` = \'I’m a passionate developer focused on building modern web and mobile applications. I enjoy creating user-friendly designs and turning ideas into functional, real-world solutions.\', `address` = \'San Jose, Ibajay, Aklan\', `expertise` = \'[\\"PHP\\"]\', `email` = \'https://mail.google.com/mail/u/0/#inbox\', `phone_number` = \'09518570120\', `facebook` = \'https://www.facebook.com/andrea.gregorio.3760/\', `github_username` = \'yeeen\', `sktitle` = \'HTML, CSS, JavaScript, Tailwind\', `skdesc` = \'Focused on building responsive and visually engaging user interfaces. Experienced in creating clean layouts and modern designs that enhance user experience across web and mobile platforms.\', `sktitletwo` = \'Android, UI/UX Design\', `skdesctwo` = \'Skilled in developing interactive mobile applications that deliver seamless user experiences. Passionate about designing intuitive interfaces that showcase content like tourism, culture, and local attractions.\', `sktitlethree` = \'PHP, MySQL\', `skdescthree` = \'Capable of developing complete web applications from front-end to back-end. Experienced in building dynamic systems such as job platforms and e-commerce websites with efficient database management.\', `facebook_link` = \'https://www.facebook.com/andrea.gregorio.3760/\', `github_link` = \'\', `email_link` = \'\', `profile_image` = \'1776236197_23c0b75d51c9cf47ef39.jpg\', `feature_1` = \'1773669142_4c36406a69b5d9e3f204.jpg\', `feature_2` = \'1773669142_108e28a1f69d275e2e1c.jpg\', `feature_3` = \'1773669142_b3f86bd6cf03e69700be.webp\'
WHERE `landing`.`id` IN (\'1\')')
 4 SYSTEMPATH\Database\BaseBuilder.php(2521): CodeIgniter\Database\BaseConnection->query('UPDATE `landing` SET `heading` = :heading:, `subheading` = :subheading:, `about_text` = :about_text:, `address` = :address:, `expertise` = :expertise:, `email` = :email:, `phone_number` = :phone_number:, `facebook` = :facebook:, `github_username` = :github_username:, `sktitle` = :sktitle:, `skdesc` = :skdesc:, `sktitletwo` = :sktitletwo:, `skdesctwo` = :skdesctwo:, `sktitlethree` = :sktitlethree:, `skdescthree` = :skdescthree:, `facebook_link` = :facebook_link:, `github_link` = :github_link:, `email_link` = :email_link:, `profile_image` = :profile_image:, `feature_1` = :feature_1:, `feature_2` = :feature_2:, `feature_3` = :feature_3:
WHERE `landing`.`id` IN :landing.id:', [...], false)
 5 SYSTEMPATH\Model.php(407): CodeIgniter\Database\BaseBuilder->update()
 6 SYSTEMPATH\BaseModel.php(1073): CodeIgniter\Model->doUpdate([...], [...])
 7 SYSTEMPATH\Model.php(706): CodeIgniter\BaseModel->update([...], [...])
 8 APPPATH\Controllers\Landing.php(73): CodeIgniter\Model->update('1', [...])
 9 SYSTEMPATH\CodeIgniter.php(951): App\Controllers\Landing->update()
10 SYSTEMPATH\CodeIgniter.php(497): CodeIgniter\CodeIgniter->runController(Object(App\Controllers\Landing))
11 SYSTEMPATH\CodeIgniter.php(340): CodeIgniter\CodeIgniter->handleRequest(null, Object(Config\Cache), false)
12 SYSTEMPATH\Boot.php(417): CodeIgniter\CodeIgniter->run()
13 SYSTEMPATH\Boot.php(68): CodeIgniter\Boot::runCodeIgniter(Object(CodeIgniter\CodeIgniter))
14 FCPATH\index.php(59): CodeIgniter\Boot::bootWeb(Object(Config\Paths))
ERROR - 2026-04-23 16:28:16 --> Unknown column 'facebook_link' in 'field list'
in SYSTEMPATH\Database\MySQLi\Connection.php on line 300.
 1 SYSTEMPATH\Database\MySQLi\Connection.php(300): mysqli->query('UPDATE `landing` SET `heading` = \'Hey, I\\\'m Yen!\', `subheading` = \'Designer & Developer\', `about_text` = \'I’m a passionate developer focused on building modern web and mobile applications. I enjoy creating user-friendly designs and turning ideas into functional, real-world solutions.\', `address` = \'San Jose, Ibajay, Aklan\', `expertise` = \'[\\"PHP\\"]\', `email` = \'https://mail.google.com/mail/u/0/#inbox\', `phone_number` = \'09518570120\', `facebook` = \'https://www.facebook.com/andrea.gregorio.3760/\', `github_username` = \'yeeen=\', `sktitle` = \'HTML, CSS, JavaScript, Tailwind\', `skdesc` = \'Focused on building responsive and visually engaging user interfaces. Experienced in creating clean layouts and modern designs that enhance user experience across web and mobile platforms.\', `sktitletwo` = \'Android, UI/UX Design\', `skdesctwo` = \'Skilled in developing interactive mobile applications that deliver seamless user experiences. Passionate about designing intuitive interfaces that showcase content like tourism, culture, and local attractions.\', `sktitlethree` = \'PHP, MySQL\', `skdescthree` = \'Capable of developing complete web applications from front-end to back-end. Experienced in building dynamic systems such as job platforms and e-commerce websites with efficient database management.\', `facebook_link` = \'\', `github_link` = \'\', `email_link` = \'\', `profile_image` = \'1776236197_23c0b75d51c9cf47ef39.jpg\', `feature_1` = \'1773669142_4c36406a69b5d9e3f204.jpg\', `feature_2` = \'1773669142_108e28a1f69d275e2e1c.jpg\', `feature_3` = \'1773669142_b3f86bd6cf03e69700be.webp\'
WHERE `landing`.`id` IN (\'1\')', 0)
 2 SYSTEMPATH\Database\BaseConnection.php(769): CodeIgniter\Database\MySQLi\Connection->execute('UPDATE `landing` SET `heading` = \'Hey, I\\\'m Yen!\', `subheading` = \'Designer & Developer\', `about_text` = \'I’m a passionate developer focused on building modern web and mobile applications. I enjoy creating user-friendly designs and turning ideas into functional, real-world solutions.\', `address` = \'San Jose, Ibajay, Aklan\', `expertise` = \'[\\"PHP\\"]\', `email` = \'https://mail.google.com/mail/u/0/#inbox\', `phone_number` = \'09518570120\', `facebook` = \'https://www.facebook.com/andrea.gregorio.3760/\', `github_username` = \'yeeen=\', `sktitle` = \'HTML, CSS, JavaScript, Tailwind\', `skdesc` = \'Focused on building responsive and visually engaging user interfaces. Experienced in creating clean layouts and modern designs that enhance user experience across web and mobile platforms.\', `sktitletwo` = \'Android, UI/UX Design\', `skdesctwo` = \'Skilled in developing interactive mobile applications that deliver seamless user experiences. Passionate about designing intuitive interfaces that showcase content like tourism, culture, and local attractions.\', `sktitlethree` = \'PHP, MySQL\', `skdescthree` = \'Capable of developing complete web applications from front-end to back-end. Experienced in building dynamic systems such as job platforms and e-commerce websites with efficient database management.\', `facebook_link` = \'\', `github_link` = \'\', `email_link` = \'\', `profile_image` = \'1776236197_23c0b75d51c9cf47ef39.jpg\', `feature_1` = \'1773669142_4c36406a69b5d9e3f204.jpg\', `feature_2` = \'1773669142_108e28a1f69d275e2e1c.jpg\', `feature_3` = \'1773669142_b3f86bd6cf03e69700be.webp\'
WHERE `landing`.`id` IN (\'1\')')
 3 SYSTEMPATH\Database\BaseConnection.php(686): CodeIgniter\Database\BaseConnection->simpleQuery('UPDATE `landing` SET `heading` = \'Hey, I\\\'m Yen!\', `subheading` = \'Designer & Developer\', `about_text` = \'I’m a passionate developer focused on building modern web and mobile applications. I enjoy creating user-friendly designs and turning ideas into functional, real-world solutions.\', `address` = \'San Jose, Ibajay, Aklan\', `expertise` = \'[\\"PHP\\"]\', `email` = \'https://mail.google.com/mail/u/0/#inbox\', `phone_number` = \'09518570120\', `facebook` = \'https://www.facebook.com/andrea.gregorio.3760/\', `github_username` = \'yeeen=\', `sktitle` = \'HTML, CSS, JavaScript, Tailwind\', `skdesc` = \'Focused on building responsive and visually engaging user interfaces. Experienced in creating clean layouts and modern designs that enhance user experience across web and mobile platforms.\', `sktitletwo` = \'Android, UI/UX Design\', `skdesctwo` = \'Skilled in developing interactive mobile applications that deliver seamless user experiences. Passionate about designing intuitive interfaces that showcase content like tourism, culture, and local attractions.\', `sktitlethree` = \'PHP, MySQL\', `skdescthree` = \'Capable of developing complete web applications from front-end to back-end. Experienced in building dynamic systems such as job platforms and e-commerce websites with efficient database management.\', `facebook_link` = \'\', `github_link` = \'\', `email_link` = \'\', `profile_image` = \'1776236197_23c0b75d51c9cf47ef39.jpg\', `feature_1` = \'1773669142_4c36406a69b5d9e3f204.jpg\', `feature_2` = \'1773669142_108e28a1f69d275e2e1c.jpg\', `feature_3` = \'1773669142_b3f86bd6cf03e69700be.webp\'
WHERE `landing`.`id` IN (\'1\')')
 4 SYSTEMPATH\Database\BaseBuilder.php(2521): CodeIgniter\Database\BaseConnection->query('UPDATE `landing` SET `heading` = :heading:, `subheading` = :subheading:, `about_text` = :about_text:, `address` = :address:, `expertise` = :expertise:, `email` = :email:, `phone_number` = :phone_number:, `facebook` = :facebook:, `github_username` = :github_username:, `sktitle` = :sktitle:, `skdesc` = :skdesc:, `sktitletwo` = :sktitletwo:, `skdesctwo` = :skdesctwo:, `sktitlethree` = :sktitlethree:, `skdescthree` = :skdescthree:, `facebook_link` = :facebook_link:, `github_link` = :github_link:, `email_link` = :email_link:, `profile_image` = :profile_image:, `feature_1` = :feature_1:, `feature_2` = :feature_2:, `feature_3` = :feature_3:
WHERE `landing`.`id` IN :landing.id:', [...], false)
 5 SYSTEMPATH\Model.php(407): CodeIgniter\Database\BaseBuilder->update()
 6 SYSTEMPATH\BaseModel.php(1073): CodeIgniter\Model->doUpdate([...], [...])
 7 SYSTEMPATH\Model.php(706): CodeIgniter\BaseModel->update([...], [...])
 8 APPPATH\Controllers\Landing.php(73): CodeIgniter\Model->update('1', [...])
 9 SYSTEMPATH\CodeIgniter.php(951): App\Controllers\Landing->update()
10 SYSTEMPATH\CodeIgniter.php(497): CodeIgniter\CodeIgniter->runController(Object(App\Controllers\Landing))
11 SYSTEMPATH\CodeIgniter.php(340): CodeIgniter\CodeIgniter->handleRequest(null, Object(Config\Cache), false)
12 SYSTEMPATH\Boot.php(417): CodeIgniter\CodeIgniter->run()
13 SYSTEMPATH\Boot.php(68): CodeIgniter\Boot::runCodeIgniter(Object(CodeIgniter\CodeIgniter))
14 FCPATH\index.php(59): CodeIgniter\Boot::bootWeb(Object(Config\Paths))
CRITICAL - 2026-04-23 18:24:19 --> ErrorException: Undefined array key "project_title"
[Method: GET, Route: home]
in APPPATH\Views\home.php on line 543.
 1 APPPATH\Views\home.php(543): CodeIgniter\Debug\Exceptions->errorHandler(2, 'Undefined array key "project_title"', 'C:\\laragon\\www\\portfolio\\app\\Views\\home.php', 543)
 2 SYSTEMPATH\View\View.php(238): include('C:\\laragon\\www\\portfolio\\app\\Views\\home.php')
 3 SYSTEMPATH\View\View.php(241): CodeIgniter\View\View->CodeIgniter\View\{closure}()
 4 SYSTEMPATH\Common.php(1250): CodeIgniter\View\View->render('home', [], true)
 5 APPPATH\Controllers\Home.php(24): view('home', [...])
 6 SYSTEMPATH\CodeIgniter.php(951): App\Controllers\Home->index()
 7 SYSTEMPATH\CodeIgniter.php(497): CodeIgniter\CodeIgniter->runController(Object(App\Controllers\Home))
 8 SYSTEMPATH\CodeIgniter.php(340): CodeIgniter\CodeIgniter->handleRequest(null, Object(Config\Cache), false)
 9 SYSTEMPATH\Boot.php(417): CodeIgniter\CodeIgniter->run()
10 SYSTEMPATH\Boot.php(68): CodeIgniter\Boot::runCodeIgniter(Object(CodeIgniter\CodeIgniter))
11 FCPATH\index.php(59): CodeIgniter\Boot::bootWeb(Object(Config\Paths))
